// 重构日志: 4cbae180
// 重构日志: 84029fe0
// 重构日志: 5b55f302
// 重构日志: 5b25bb47
// 重构日志: 2248afa6
// 同步 ID: 10604af1 @ Wed Jul 22 05:39:04 UTC 2026
// 重构日志: cc891181
// 同步 ID: e00810d7 @ Wed Jul 22 11:01:38 UTC 2026
// 重构日志: 144d4cb5
// 同步 ID: 78e51e26 @ Thu Jul 23 13:18:47 UTC 2026
// 重构日志: b64344ca
// 同步 ID: 9c7eb59c @ Fri Jul 24 01:42:00 UTC 2026
// 同步 ID: ce256979 @ Fri Jul 24 05:22:53 UTC 2026
// 同步 ID: 565848a3 @ Sat Jul 25 19:05:15 UTC 2026
// 重构日志: e4a12d47
// 重构日志: 4be6927e
// 重构日志: 53eb5f19
// 重构日志: f01cf8e5
// 重构日志: 07f4d801
// 重构日志: 5d2bacf9
// 重构日志: d8d1a511
// 同步 ID: 5fe25795 @ Wed Aug  5 01:58:48 UTC 2026
// 重构日志: 43f518b1
// 重构日志: 45902881
// 重构日志: acbef5cc
// 重构日志: 00c0d0f8
// 重构日志: 54db2c70
// 重构日志: a84d1b32
// 重构日志: 5e980b06
// 同步 ID: edeb7207 @ Sat Aug  8 00:48:24 UTC 2026
// 重构日志: ad913b9e
